"Status","A","B","C","D","E","F","G","H","I"
"Community",0,0,0.8,0,0,0,0,0,0
"Community",0.9,0,0.85,0,0,0,0,0,0
"Community",0,0,0,0,0.1,0,0,0,0
"Community",0,0,0,0,0.6,0,0,0,0
"Community",0,0,0,0,0,0.2,0,0,0
"Community",0,0,0,0.5,0,0,0,0.1,0
"Community",0,0,0,0,0,0,0,0.8,0.9
"Community",0,0,0,0,0,0,0,0,0.85
"Community",0,0,0,0,0,0,0,0,0
